17:31:17.890 INFO [main]  (OtpStartupInfo.java:40) OTP STARTING UP - Build Street & Transit Graph - Version: 2.8.1, ser.ver.id: 203, commit: 719cb97337e6df44dba5c8fee94ec83cc9110aee, branch: master - Java 24.0.2
17:31:17.894 INFO [main]  (ApplicationShutdownSupport.java:27) Adding shutdown hook 'server-shutdown-info'.
17:31:17.899 INFO [main]  (OtpStartupInfo.java:49) 
  ___                 _____     _       ____  _                             
 / _ \ _ __   ___ _ _|_   _| __(_)_ __ |  _ \| | __ _ _ __  _ __   ___ _ __ 
| | | | '_ \ / _ \ '_ \| || '__| | '_ \| |_) | |/ _` | '_ \| '_ \ / _ \ '__|
| |_| | |_) |  __/ | | | || |  | | |_) |  __/| | (_| | | | | | | |  __/ |   
 \___/| .__/ \___|_| |_|_||_|  |_| .__/|_|   |_|\__,_|_| |_|_| |_|\___|_| 
      |_|                        |_| 
Version:     2.8.1
Ser.ver.id:  203
Commit:      719cb97337e6df44dba5c8fee94ec83cc9110aee
Branch:      master
Build:       2025-09-22T08:18:24Z

17:31:17.899 INFO [main]  (OTPMain.java:107) Searching for configuration and input files in /var/opentripplanner
17:31:18.037 INFO [main]  (ConfigFileLoader.java:134) File '/var/opentripplanner/otp-config.json' is not present. Using default configuration.
17:31:18.076 INFO [main]  (ConfigFileLoader.java:130) Load JSON configuration file '/var/opentripplanner/build-config.json'
17:31:18.094 INFO [main]  (ConfigFileLoader.java:131) Summarizing 'build-config.json': {
  "osm" : [ {
    "source" : "malaysia-singapore-brunei.osm.pbf"
  } ],
  "transitFeeds" : [ {
    "type" : "gtfs",
    "source" : "prasarana-rapid-rail-kl-gtfs.zip",
    "feedId" : "prasarana-rapid-rail-kl"
  }, {
    "type" : "gtfs",
    "source" : "prasarana-rapid-bus-kl-gtfs.zip",
    "feedId" : "prasarana-rapid-bus-kl"
  }, {
    "type" : "gtfs",
    "source" : "prasarana-rapid-bus-mrtfeeder-gtfs.zip",
    "feedId" : "prasarana-rapid-bus-mrtfeeder"
  }, {
    "type" : "gtfs",
    "source" : "ktmb-gtfs.zip",
    "feedId" : "ktmb"
  } ],
  "osmDefaults" : {
    "timeZone" : "Asia/Kuala_Lumpur"
  },
  "transitServiceStart" : "-P1M",
  "transitServiceEnd" : "P6M",
  "boundingBox" : {
    "minLon" : 101.3,
    "minLat" : 2.8,
    "maxLon" : 102,
    "maxLat" : 3.45
  }
}
17:31:18.165 WARN [main]  (NodeAdapter.java:169) Unexpected config parameter: 'boundingBox:{"minLon":101.3,"minLat":2.8,"maxLon":102,"maxLat":3.45}' in 'build-config.json'
17:31:18.169 INFO [main]  (ConfigFileLoader.java:130) Load JSON configuration file '/var/opentripplanner/router-config.json'
17:31:18.169 INFO [main]  (ConfigFileLoader.java:131) Summarizing 'router-config.json': {
  "routingDefaults" : {
    "walkSpeed" : 1.3,
    "maxWalkDistance" : 2000
  }
}
17:31:18.211 WARN [main]  (NodeAdapter.java:169) Unexpected config parameter: 'routingDefaults.maxWalkDistance:2000' in 'router-config.json'
17:31:18.212 WARN [main]  (NodeAdapter.java:169) Unexpected config parameter: 'routingDefaults.walkSpeed:1.3' in 'router-config.json'
17:31:18.213 INFO [main]  (ConfigFileLoader.java:134) File '/var/opentripplanner/debug-ui-config.json' is not present. Using default configuration.
17:31:18.215 INFO [main]  (OTPFeature.java:168) Features turned on: 
	APIServerInfo
	APIUpdaterStatus
	ConsiderPatternsForDirectTransfers
	DebugUi
	FloatingBike
	GtfsGraphQlApi
	OptimizeTransfers
	TransferConstraints
	TransmodelGraphQlApi
	WaitForGraphUpdateInPollingUpdaters
17:31:18.216 INFO [main]  (OTPFeature.java:169) Features turned off: 
	AlertMetrics
	IncludeEmptyRailStopsInTransfers
	ExtraTransferLegOnSameStop
	MinimumTransferTimeIsDefinitive
	ParallelRouting
	ActuatorAPI
	AsyncGraphQLFetchers
	Emission
	DataOverlay
	DebugRasterTiles
	FaresV2
	FlexRouting
	GoogleCloudStorage
	MultiCriteriaGroupMaxFilter
	RealtimeResolver
	ReportApi
	SandboxAPIGeocoder
	SandboxAPIMapboxVectorTilesApi
	SandboxAPIParkAndRideApi
	Sorlandsbanen
	TransferAnalyzer
	TriasApi
17:31:18.252 INFO [main]  (GraphBuilderDataSources.java:258) Data source location(s): HTTPS, /var/opentripplanner
17:31:18.252 INFO [main]  (GraphBuilderDataSources.java:261) Existing files expected to be read or written:
17:31:18.255 INFO [main]  (GraphBuilderDataSources.java:264) - ⚙️ build-config.json  /var/opentripplanner  2026-08-22 17:31:17  819 bytes
17:31:18.258 INFO [main]  (GraphBuilderDataSources.java:264) - ⚙️ router-config.json  /var/opentripplanner  2026-08-22 17:31:17  80 bytes
17:31:18.260 INFO [main]  (GraphBuilderDataSources.java:264) - 🌍 malaysia-singapore-brunei.osm.pbf  /var/opentripplanner  2026-08-22 17:27:46  249.9 MB
17:31:18.262 INFO [main]  (GraphBuilderDataSources.java:264) - 🚌 prasarana-rapid-rail-kl-gtfs.zip  /var/opentripplanner  2026-08-22 17:27:47  80 kB
17:31:18.265 INFO [main]  (GraphBuilderDataSources.java:264) - 🚌 prasarana-rapid-bus-kl-gtfs.zip  /var/opentripplanner  2026-08-22 17:28:03  1.7 MB
17:31:18.267 INFO [main]  (GraphBuilderDataSources.java:264) - 🚌 prasarana-rapid-bus-mrtfeeder-gtfs.zip  /var/opentripplanner  2026-08-22 17:28:19  2.0 MB
17:31:18.269 INFO [main]  (GraphBuilderDataSources.java:264) - 🚌 ktmb-gtfs.zip  /var/opentripplanner  2026-08-22 17:28:35  46 kB
17:31:18.269 INFO [main]  (GraphBuilderDataSources.java:269) Files excluded due to command line switches or unknown type:
17:31:18.272 INFO [main]  (GraphBuilderDataSources.java:272) - ❓ manifest.json  /var/opentripplanner  2026-08-22 17:31:17  1 kB
17:31:18.306 INFO [main]  (ConstructApplication.java:138) Wiring up and configuring graph builder task.
17:31:18.379 INFO [main]  (OsmModule.java:132) Gathering OSM from provider: DefaultOsmProvider{source: OSM /var/opentripplanner/malaysia-singapore-brunei.osm.pbf, cacheDataInMem: false}
17:31:18.379 INFO [main]  (OsmModule.java:133) Using OSM way configuration from OsmTagMapper.
17:31:18.384 INFO [main]  (DefaultOsmProvider.java:103) Parse OSM Relations progress tracking started.
17:31:23.386 INFO [main]  (DefaultOsmProvider.java:103) Parse OSM Relations progress: 140.9 MB of 249.9 MB (56%)
17:31:27.625 INFO [main]  (DefaultOsmProvider.java:103) Parse OSM Relations progress tracking complete. 249.9 MB done in 9s (27.0 MB per second). 
17:31:27.628 INFO [main]  (DefaultOsmProvider.java:103) Parse OSM Ways progress tracking started.
17:31:32.628 INFO [main]  (DefaultOsmProvider.java:103) Parse OSM Ways progress: 146.5 MB of 249.9 MB (58%)
17:31:37.663 INFO [main]  (DefaultOsmProvider.java:103) Parse OSM Ways progress: 199.5 MB of 249.9 MB (79%)
17:31:42.663 INFO [main]  (DefaultOsmProvider.java:103) Parse OSM Ways progress: 235.6 MB of 249.9 MB (94%)
17:31:44.092 INFO [main]  (DefaultOsmProvider.java:103) Parse OSM Ways progress tracking complete. 249.9 MB done in 16s (15.2 MB per second). 
17:31:47.582 INFO [main]  (DefaultOsmProvider.java:103) Parse OSM Nodes progress tracking started.
17:31:52.587 INFO [main]  (DefaultOsmProvider.java:103) Parse OSM Nodes progress: 56.3 MB of 249.9 MB (22%)
17:31:57.589 INFO [main]  (DefaultOsmProvider.java:103) Parse OSM Nodes progress: 99.1 MB of 249.9 MB (39%)
17:32:02.589 INFO [main]  (DefaultOsmProvider.java:103) Parse OSM Nodes progress: 143.3 MB of 249.9 MB (57%)
17:32:07.515 INFO [main]  (DefaultOsmProvider.java:103) Parse OSM Nodes progress tracking complete. 249.9 MB done in 19s (12.5 MB per second). 
17:32:08.716 INFO [main]  (OsmDatabase.java:365) Intersecting unconnected areas...
17:32:19.149 INFO [main]  (OsmDatabase.java:586) Created 318 virtual intersection nodes.
17:32:19.149 INFO [main]  (OsmModule.java:141) Building street graph from OSM
17:32:19.161 INFO [main]  (ParkingProcessor.java:70) Processing car P+R nodes.
17:32:19.184 INFO [main]  (ParkingProcessor.java:109) Created 10 car P+R nodes.
17:32:33.486 INFO [main]  (OsmModule.java:314) Build street graph progress tracking started.
17:32:39.195 INFO [main]  (OsmModule.java:490) Build street graph progress: 20,000 of 1,949,113 ( 1%)
17:32:44.850 INFO [main]  (OsmModule.java:490) Build street graph progress: 50,000 of 1,949,113 ( 2%)
17:32:50.573 INFO [main]  (OsmModule.java:490) Build street graph progress: 80,000 of 1,949,113 ( 4%)
17:32:55.585 INFO [main]  (OsmModule.java:490) Build street graph progress: 110,000 of 1,949,113 ( 5%)
17:33:01.003 INFO [main]  (OsmModule.java:490) Build street graph progress: 140,000 of 1,949,113 ( 7%)
17:33:07.027 INFO [main]  (OsmModule.java:490) Build street graph progress: 170,000 of 1,949,113 ( 8%)
17:33:12.314 INFO [main]  (OsmModule.java:490) Build street graph progress: 195,000 of 1,949,113 (10%)
17:33:17.844 INFO [main]  (OsmModule.java:490) Build street graph progress: 220,000 of 1,949,113 (11%)
17:33:23.694 INFO [main]  (OsmModule.java:490) Build street graph progress: 245,000 of 1,949,113 (12%)
17:33:29.252 INFO [main]  (OsmModule.java:490) Build street graph progress: 270,000 of 1,949,113 (13%)
17:33:35.069 INFO [main]  (OsmModule.java:490) Build street graph progress: 295,000 of 1,949,113 (15%)
17:33:40.626 INFO [main]  (OsmModule.java:490) Build street graph progress: 320,000 of 1,949,113 (16%)
17:33:46.603 INFO [main]  (OsmModule.java:490) Build street graph progress: 350,000 of 1,949,113 (17%)
17:33:52.361 INFO [main]  (OsmModule.java:490) Build street graph progress: 380,000 of 1,949,113 (19%)
17:33:58.114 INFO [main]  (OsmModule.java:490) Build street graph progress: 410,000 of 1,949,113 (21%)
17:34:03.652 INFO [main]  (OsmModule.java:490) Build street graph progress: 440,000 of 1,949,113 (22%)
17:34:09.355 INFO [main]  (OsmModule.java:490) Build street graph progress: 470,000 of 1,949,113 (24%)
17:34:14.596 INFO [main]  (OsmModule.java:490) Build street graph progress: 495,000 of 1,949,113 (25%)
17:34:19.977 INFO [main]  (OsmModule.java:490) Build street graph progress: 525,000 of 1,949,113 (26%)
17:34:25.559 INFO [main]  (OsmModule.java:490) Build street graph progress: 555,000 of 1,949,113 (28%)
17:34:31.251 INFO [main]  (OsmModule.java:490) Build street graph progress: 585,000 of 1,949,113 (30%)
17:34:36.511 INFO [main]  (OsmModule.java:490) Build street graph progress: 610,000 of 1,949,113 (31%)
17:34:41.899 INFO [main]  (OsmModule.java:490) Build street graph progress: 635,000 of 1,949,113 (32%)
17:34:46.947 INFO [main]  (OsmModule.java:490) Build street graph progress: 660,000 of 1,949,113 (33%)
17:34:53.026 INFO [main]  (OsmModule.java:490) Build street graph progress: 690,000 of 1,949,113 (35%)
17:34:58.576 INFO [main]  (OsmModule.java:490) Build street graph progress: 715,000 of 1,949,113 (36%)
17:35:04.371 INFO [main]  (OsmModule.java:490) Build street graph progress: 740,000 of 1,949,113 (37%)
17:35:10.332 INFO [main]  (OsmModule.java:490) Build street graph progress: 770,000 of 1,949,113 (39%)
17:35:16.060 INFO [main]  (OsmModule.java:490) Build street graph progress: 800,000 of 1,949,113 (41%)
17:35:21.237 INFO [main]  (OsmModule.java:490) Build street graph progress: 825,000 of 1,949,113 (42%)
17:35:26.980 INFO [main]  (OsmModule.java:490) Build street graph progress: 855,000 of 1,949,113 (43%)
17:35:32.872 INFO [main]  (OsmModule.java:490) Build street graph progress: 885,000 of 1,949,113 (45%)
17:35:38.666 INFO [main]  (OsmModule.java:490) Build street graph progress: 915,000 of 1,949,113 (46%)
17:35:44.605 INFO [main]  (OsmModule.java:490) Build street graph progress: 945,000 of 1,949,113 (48%)
17:35:49.613 INFO [main]  (OsmModule.java:490) Build street graph progress: 960,000 of 1,949,113 (49%)
17:35:55.722 INFO [main]  (OsmModule.java:490) Build street graph progress: 985,000 of 1,949,113 (50%)
17:36:01.044 INFO [main]  (OsmModule.java:490) Build street graph progress: 1,005,000 of 1,949,113 (51%)
17:36:06.909 INFO [main]  (OsmModule.java:490) Build street graph progress: 1,025,000 of 1,949,113 (52%)
17:36:18.226 INFO [main]  (OsmModule.java:490) Build street graph progress: 1,035,000 of 1,949,113 (53%)
17:36:25.621 INFO [main]  (OsmModule.java:490) Build street graph progress: 1,040,000 of 1,949,113 (53%)
17:36:32.617 INFO [main]  (OsmModule.java:490) Build street graph progress: 1,045,000 of 1,949,113 (53%)
17:36:39.497 INFO [main]  (OsmModule.java:490) Build street graph progress: 1,050,000 of 1,949,113 (53%)
17:36:46.151 INFO [main]  (OsmModule.java:490) Build street graph progress: 1,055,000 of 1,949,113 (54%)
17:36:52.143 INFO [main]  (OsmModule.java:490) Build street graph progress: 1,060,000 of 1,949,113 (54%)
17:36:58.257 INFO [main]  (OsmModule.java:490) Build street graph progress: 1,065,000 of 1,949,113 (54%)
17:37:04.508 INFO [main]  (OsmModule.java:490) Build street graph progress: 1,070,000 of 1,949,113 (54%)
17:37:11.572 INFO [main]  (OsmModule.java:490) Build street graph progress: 1,075,000 of 1,949,113 (55%)
17:37:17.846 INFO [main]  (OsmModule.java:490) Build street graph progress: 1,080,000 of 1,949,113 (55%)
17:37:25.078 INFO [main]  (OsmModule.java:490) Build street graph progress: 1,085,000 of 1,949,113 (55%)
17:37:33.266 INFO [main]  (OsmModule.java:490) Build street graph progress: 1,090,000 of 1,949,113 (55%)
17:37:39.844 INFO [main]  (OsmModule.java:490) Build street graph progress: 1,095,000 of 1,949,113 (56%)
17:37:47.153 INFO [main]  (OsmModule.java:490) Build street graph progress: 1,100,000 of 1,949,113 (56%)
17:37:56.227 INFO [main]  (OsmModule.java:490) Build street graph progress: 1,105,000 of 1,949,113 (56%)
17:38:04.024 INFO [main]  (OsmModule.java:490) Build street graph progress: 1,110,000 of 1,949,113 (56%)
17:38:12.885 INFO [main]  (OsmModule.java:490) Build street graph progress: 1,115,000 of 1,949,113 (57%)
17:38:22.194 INFO [main]  (OsmModule.java:490) Build street graph progress: 1,120,000 of 1,949,113 (57%)
17:38:32.673 INFO [main]  (OsmModule.java:490) Build street graph progress: 1,125,000 of 1,949,113 (57%)
17:38:42.390 INFO [main]  (OsmModule.java:490) Build street graph progress: 1,130,000 of 1,949,113 (57%)
17:38:50.875 INFO [main]  (OsmModule.java:490) Build street graph progress: 1,135,000 of 1,949,113 (58%)
17:38:59.363 INFO [main]  (OsmModule.java:490) Build street graph progress: 1,140,000 of 1,949,113 (58%)
17:39:09.343 INFO [main]  (OsmModule.java:490) Build street graph progress: 1,145,000 of 1,949,113 (58%)
17:39:19.521 INFO [main]  (OsmModule.java:490) Build street graph progress: 1,150,000 of 1,949,113 (59%)
17:39:32.039 INFO [main]  (OsmModule.java:490) Build street graph progress: 1,155,000 of 1,949,113 (59%)
17:39:42.903 INFO [main]  (OsmModule.java:490) Build street graph progress: 1,160,000 of 1,949,113 (59%)
17:39:53.371 INFO [main]  (OsmModule.java:490) Build street graph progress: 1,165,000 of 1,949,113 (59%)
17:40:04.981 INFO [main]  (OsmModule.java:490) Build street graph progress: 1,170,000 of 1,949,113 (60%)
17:40:16.225 INFO [main]  (OsmModule.java:490) Build street graph progress: 1,175,000 of 1,949,113 (60%)
17:40:28.591 INFO [main]  (OsmModule.java:490) Build street graph progress: 1,180,000 of 1,949,113 (60%)
17:40:39.812 INFO [main]  (OsmModule.java:490) Build street graph progress: 1,185,000 of 1,949,113 (60%)
